aout32.c	aout32.c
aout64.c	aout64.c
aoutf1.h	aoutf1.h
aoutx.h		aoutx.h
archive.c	archive.c
archures.c	archures.c
bfd.c		bfd.c
bfd.h		bfd.h
bfdlink.h	bfdlink.h
bout.c		bout.c
cache.c		cache.c
coff-i960.c	coffi960.c
coff-sym.h	coff-sym.h
coffcode.h	coffcode.h
coffgen.c	coffgen.c
coffswap.h	coffswap.h
core.c		core.c
cpu-i960.c	cpu-i960.c
ctor.c		ctor.c
demo64.c	demo64.c
elf.c		elf.c
elf32.c		elf32.c
elf32-gen.c	elf32gen.c
elf32-target.h	elf32tar.h
elfcode.h	elfcode.h
filemode.c	filemode.c
format.c	format.c
genlink.h	genlink.h
hash.c		hash.c
hp300.h		hp300.h
hppahpux.h	hppahpux.h
i386v.h		i386v.h
i386v4.h	i386v4.h
ieee.c		ieee.c
init.c		init.c
libaout.h	libaout.h
libbfd.c	libbfd.c
libbfd.h	libbfd.h
libcoff.h	libcoff.h
libecoff.h	libecoff.h
libelf.h	libelf.h
libieee.h	libieee.h
linker.c	linker.c
msdos.h		msdos.h
opncls.c	opncls.c
reloc.c		reloc.c
reloc16.c	reloc16.c
rs6000.h	rs6000.h
section.c	section.c
solaris2.h	solaris2.h
sparc.h		sparc.h
srec.c		srec.c
stab-syms.c	stabsyms.c
std-host.h	std-host.h
sunos.c		sunos.c
syms.c		syms.c
targets.c	targets.c
